// Jest Snapshot v1, https://goo.gl/fbAQLP

exports[`SubGenerator project-name of ionic JHipster blueprint run should succeed 1`] = `
Object {
  ".yo-rc.json": Object {
    "stateCleared": "modified",
  },
}
`;
